
Allocating common symbols
Common symbol       size              file

InBuffer            0x40              ..\obj\main.o
OutBuffer           0x3f              ..\obj\main.o
przyspieszenie_y    0x1               ..\obj\main.o
przyspieszenie_z    0x1               ..\obj\main.o
USB_OTG_dev         0x5f0             ..\obj\main.o
NVIC_InitStructure  0x4               ..\obj\stm32f4_discovery.o
przyspieszenie_x    0x1               ..\obj\main.o
USBD_StrDesc        0x3f              ..\obj\usbd_req.o

Discarded input sections

 .text          0x00000000        0x0 ..\obj\stm32f4xx_syscfg.o
 .data          0x00000000        0x0 ..\obj\stm32f4xx_syscfg.o
 .bss           0x00000000        0x0 ..\obj\stm32f4xx_syscfg.o
 .text.SYSCFG_DeInit
                0x00000000       0x20 ..\obj\stm32f4xx_syscfg.o
 .text.SYSCFG_MemoryRemapConfig
                0x00000000       0x20 ..\obj\stm32f4xx_syscfg.o
 .text.SYSCFG_ETH_MediaInterfaceConfig
                0x00000000       0x20 ..\obj\stm32f4xx_syscfg.o
 .text.SYSCFG_CompensationCellCmd
                0x00000000       0x20 ..\obj\stm32f4xx_syscfg.o
 .text.SYSCFG_GetCompensationCellStatus
                0x00000000       0x3c ..\obj\stm32f4xx_syscfg.o
 .text          0x00000000        0x0 ..\obj\usb_core.o
 .data          0x00000000        0x0 ..\obj\usb_core.o
 .bss           0x00000000        0x0 ..\obj\usb_core.o
 .text.USB_OTG_IsHostMode
                0x00000000       0x24 ..\obj\usb_core.o
 .text.USB_OTG_ReadOtgItr
                0x00000000       0x1c ..\obj\usb_core.o
 .text.USB_OTG_ActiveRemoteWakeup
                0x00000000       0x94 ..\obj\usb_core.o
 .text.USB_OTG_StopDevice
                0x00000000       0x9c ..\obj\usb_core.o
 .text.USB_OTG_GetEPStatus
                0x00000000       0xc0 ..\obj\usb_core.o
 .text.USB_OTG_SetEPStatus
                0x00000000      0x13c ..\obj\usb_core.o
 .text          0x00000000        0x0 ..\obj\stm32f4xx_sdio.o
 .data          0x00000000        0x0 ..\obj\stm32f4xx_sdio.o
 .bss           0x00000000        0x0 ..\obj\stm32f4xx_sdio.o
 .text.SDIO_DeInit
                0x00000000       0x20 ..\obj\stm32f4xx_sdio.o
 .text.SDIO_Init
                0x00000000       0x68 ..\obj\stm32f4xx_sdio.o
 .text.SDIO_StructInit
                0x00000000       0x44 ..\obj\stm32f4xx_sdio.o
 .text.SDIO_ClockCmd
                0x00000000       0x20 ..\obj\stm32f4xx_sdio.o
 .text.SDIO_SetPowerState
                0x00000000       0x20 ..\obj\stm32f4xx_sdio.o
 .text.SDIO_GetPowerState
                0x00000000       0x1c ..\obj\stm32f4xx_sdio.o
 .text.SDIO_SendCommand
                0x00000000       0x68 ..\obj\stm32f4xx_sdio.o
 .text.SDIO_CmdStructInit
                0x00000000       0x3c ..\obj\stm32f4xx_sdio.o
 .text.SDIO_GetCommandResponse
                0x00000000       0x18 ..\obj\stm32f4xx_sdio.o
 .text.SDIO_GetResponse
                0x00000000       0x2c ..\obj\stm32f4xx_sdio.o
 .text.SDIO_DataConfig
                0x00000000       0x70 ..\obj\stm32f4xx_sdio.o
 .text.SDIO_DataStructInit
                0x00000000       0x44 ..\obj\stm32f4xx_sdio.o
 .text.SDIO_GetDataCounter
                0x00000000       0x18 ..\obj\stm32f4xx_sdio.o
 .text.SDIO_ReadData
                0x00000000       0x18 ..\obj\stm32f4xx_sdio.o
 .text.SDIO_WriteData
                0x00000000       0x20 ..\obj\stm32f4xx_sdio.o
 .text.SDIO_GetFIFOCount
                0x00000000       0x18 ..\obj\stm32f4xx_sdio.o
 .text.SDIO_StartSDIOReadWait
                0x00000000       0x20 ..\obj\stm32f4xx_sdio.o
 .text.SDIO_StopSDIOReadWait
                0x00000000       0x20 ..\obj\stm32f4xx_sdio.o
 .text.SDIO_SetSDIOReadWaitMode
                0x00000000       0x20 ..\obj\stm32f4xx_sdio.o
 .text.SDIO_SetSDIOOperation
                0x00000000       0x20 ..\obj\stm32f4xx_sdio.o
 .text.SDIO_SendSDIOSuspendCmd
                0x00000000       0x20 ..\obj\stm32f4xx_sdio.o
 .text.SDIO_CommandCompletionCmd
                0x00000000       0x20 ..\obj\stm32f4xx_sdio.o
 .text.SDIO_CEATAITCmd
                0x00000000       0x30 ..\obj\stm32f4xx_sdio.o
 .text.SDIO_SendCEATACmd
                0x00000000       0x20 ..\obj\stm32f4xx_sdio.o
 .text.SDIO_DMACmd
                0x00000000       0x20 ..\obj\stm32f4xx_sdio.o
 .text.SDIO_ITConfig
                0x00000000       0x54 ..\obj\stm32f4xx_sdio.o
 .text.SDIO_GetFlagStatus
                0x00000000       0x3c ..\obj\stm32f4xx_sdio.o
 .text.SDIO_ClearFlag
                0x00000000       0x20 ..\obj\stm32f4xx_sdio.o
 .text.SDIO_GetITStatus
                0x00000000       0x3c ..\obj\stm32f4xx_sdio.o
 .text.SDIO_ClearITPendingBit
                0x00000000       0x20 ..\obj\stm32f4xx_sdio.o
 .debug_info    0x00000000      0x8bb ..\obj\stm32f4xx_sdio.o
 .debug_abbrev  0x00000000      0x179 ..\obj\stm32f4xx_sdio.o
 .debug_loc     0x00000000      0x648 ..\obj\stm32f4xx_sdio.o
 .debug_aranges
                0x00000000      0x108 ..\obj\stm32f4xx_sdio.o
[...]
Memory Configuration

Name             Origin             Length             Attributes
rom              0x08000000         0x00100000         xr
ram              0x20000000         0x00020000         xrw
ram1             0x10000000         0x00010000         xrw
*default*        0x00000000         0xffffffff

Linker script and memory map

                0x20020000                _eram = 0x20020000

.text           0x08000000     0x5ad4
 *(.isr_vector .isr_vector.*)
 .isr_vector    0x08000000      0x188 ..\obj\startup_stm32f4xx.o
                0x08000000                g_pfnVectors
 *(.text .text.* .gnu.linkonce.t.*)
 .text.SYSCFG_EXTILineConfig
                0x08000188       0xb0 ..\obj\stm32f4xx_syscfg.o
                0x08000188                SYSCFG_EXTILineConfig
 .text.USB_OTG_EnableCommonInt
                0x08000238       0x44 ..\obj\usb_core.o
 .text.USB_OTG_CoreReset
                0x0800027c       0xa8 ..\obj\usb_core.o
 .text.USB_OTG_WritePacket
                0x08000324       0x84 ..\obj\usb_core.o
                0x08000324                USB_OTG_WritePacket
 .text.USB_OTG_ReadPacket
                0x080003a8       0x68 ..\obj\usb_core.o
                0x080003a8                USB_OTG_ReadPacket
 .text.USB_OTG_SelectCore
                0x08000410      0x1b4 ..\obj\usb_core.o
                0x08000410                USB_OTG_SelectCore
 .text.USB_OTG_CoreInit
                0x080005c4      0x1f8 ..\obj\usb_core.o
                0x080005c4                USB_OTG_CoreInit
 .text.USB_OTG_EnableGlobalInt
                0x080007bc       0x3c ..\obj\usb_core.o
                0x080007bc                USB_OTG_EnableGlobalInt
 .text.USB_OTG_DisableGlobalInt
                0x080007f8       0x40 ..\obj\usb_core.o
                0x080007f8                USB_OTG_DisableGlobalInt
 .text.USB_OTG_FlushTxFifo
                0x08000838       0x80 ..\obj\usb_core.o
                0x08000838                USB_OTG_FlushTxFifo
 .text.USB_OTG_FlushRxFifo
                0x080008b8       0x6c ..\obj\usb_core.o
                0x080008b8                USB_OTG_FlushRxFifo
 .text.USB_OTG_SetCurrentMode
                0x08000924       0x64 ..\obj\usb_core.o
                0x08000924                USB_OTG_SetCurrentMode
 .text.USB_OTG_GetMode
                0x08000988       0x20 ..\obj\usb_core.o
                0x08000988                USB_OTG_GetMode
 .text.USB_OTG_IsDeviceMode
                0x080009a8       0x24 ..\obj\usb_core.o
                0x080009a8                USB_OTG_IsDeviceMode
 .text.USB_OTG_ReadCoreItr
                0x080009cc       0x30 ..\obj\usb_core.o
                0x080009cc                USB_OTG_ReadCoreItr
 .text.USB_OTG_InitDevSpeed
                0x080009fc       0x38 ..\obj\usb_core.o
                0x080009fc                USB_OTG_InitDevSpeed
 .text.USB_OTG_CoreInitDev
                0x08000a34      0x2d4 ..\obj\usb_core.o
                0x08000a34                USB_OTG_CoreInitDev
 .text.USB_OTG_EnableDevInt
                0x08000d08       0xa4 ..\obj\usb_core.o
                0x08000d08                USB_OTG_EnableDevInt
 .text.USB_OTG_GetDeviceSpeed
                0x08000dac       0x50 ..\obj\usb_core.o
                0x08000dac                USB_OTG_GetDeviceSpeed
 .text.USB_OTG_EP0Activate
                0x08000dfc       0x80 ..\obj\usb_core.o
                0x08000dfc                USB_OTG_EP0Activate
 .text.USB_OTG_EPActivate
                0x08000e7c       0xf8 ..\obj\usb_core.o
                0x08000e7c                USB_OTG_EPActivate
 .text.USB_OTG_EPDeactivate
                0x08000f74       0xa4 ..\obj\usb_core.o
                0x08000f74                USB_OTG_EPDeactivate
 .text.USB_OTG_EPStartXfer
                0x08001018      0x2d0 ..\obj\usb_core.o
                0x08001018                USB_OTG_EPStartXfer
 .text.USB_OTG_EP0StartXfer
                0x080012e8      0x200 ..\obj\usb_core.o
                0x080012e8                USB_OTG_EP0StartXfer
 .text.USB_OTG_EPSetStall
                0x080014e8       0x94 ..\obj\usb_core.o
                0x080014e8                USB_OTG_EPSetStall
 .text.USB_OTG_EPClearStall
                0x0800157c       0x84 ..\obj\usb_core.o
                0x0800157c                USB_OTG_EPClearStall
 .text.USB_OTG_ReadDevAllOutEp_itr
                0x08001600       0x30 ..\obj\usb_core.o
                0x08001600                USB_OTG_ReadDevAllOutEp_itr
 .text.USB_OTG_ReadDevOutEP_itr
                0x08001630       0x3c ..\obj\usb_core.o
                0x08001630                USB_OTG_ReadDevOutEP_itr
 .text.USB_OTG_ReadDevAllInEPItr
                0x0800166c       0x34 ..\obj\usb_core.o
                0x0800166c                USB_OTG_ReadDevAllInEPItr
 .text.USB_OTG_EP0_OutStart
                0x080016a0       0x78 ..\obj\usb_core.o
                0x080016a0                USB_OTG_EP0_OutStart
 .text.USB_OTG_UngateClock
                0x08001718       0x54 ..\obj\usb_core.o
                0x08001718                USB_OTG_UngateClock
 .text.USBD_USR_Init
                0x0800176c        0xc ..\obj\usbd_usr.o
                0x0800176c                USBD_USR_Init
 .text.USBD_USR_DeviceReset
                0x08001778       0x14 ..\obj\usbd_usr.o
                0x08001778                USBD_USR_DeviceReset
 .text.USBD_USR_DeviceConfigured
                0x0800178c        0xc ..\obj\usbd_usr.o
                0x0800178c                USBD_USR_DeviceConfigured
 .text.USBD_USR_DeviceSuspended
                0x08001798        0xc ..\obj\usbd_usr.o
                0x08001798                USBD_USR_DeviceSuspended
 .text.USBD_USR_DeviceResumed
                0x080017a4        0xc ..\obj\usbd_usr.o
                0x080017a4                USBD_USR_DeviceResumed
 .text.Default_Reset_Handler
                0x080017b0       0x80 ..\obj\startup_stm32f4xx.o
                0x080017b0                Default_Reset_Handler
                0x080017b0                Reset_Handler
 .text.Default_Handler
                0x08001830        0x8 ..\obj\startup_stm32f4xx.o
                0x08001830                RTC_Alarm_IRQHandler
                0x08001830                HASH_RNG_IRQHandler
                0x08001830                EXTI2_IRQHandler
                0x08001830                TIM8_CC_IRQHandler
                0x08001830                TIM1_CC_IRQHandler
                0x08001830                DMA2_Stream5_IRQHandler
                0x08001830                DMA1_Stream5_IRQHandler
                0x08001830                PVD_IRQHandler
                0x08001830                SDIO_IRQHandler
                0x08001830                TAMP_STAMP_IRQHandler
                0x08001830                CAN2_RX1_IRQHandler
                0x08001830                EXTI3_IRQHandler
                0x08001830                TIM8_TRG_COM_TIM14_IRQHandler
                0x08001830                TIM1_UP_TIM10_IRQHandler
                0x08001830                TIM8_UP_TIM13_IRQHandler
                0x08001830                I2C3_ER_IRQHandler
                0x08001830                EXTI0_IRQHandler
                0x08001830                I2C2_EV_IRQHandler
                0x08001830                DMA1_Stream2_IRQHandler
                0x08001830                CAN1_RX0_IRQHandler
                0x08001830                FPU_IRQHandler
                0x08001830                OTG_HS_WKUP_IRQHandler
                0x08001830                CAN2_SCE_IRQHandler
                0x08001830                DMA2_Stream2_IRQHandler
                0x08001830                SPI1_IRQHandler
                0x08001830                TIM6_DAC_IRQHandler
                0x08001830                TIM1_BRK_TIM9_IRQHandler
                0x08001830                DCMI_IRQHandler
                0x08001830                CAN2_RX0_IRQHandler
                0x08001830                DMA2_Stream3_IRQHandler
                0x08001830                USART6_IRQHandler
                0x08001830                USART3_IRQHandler
                0x08001830                CRYP_IRQHandler
                0x08001830                CAN1_RX1_IRQHandler
                0x08001830                UART5_IRQHandler
                0x08001830                DMA2_Stream0_IRQHandler
                0x08001830                I2C1_EV_IRQHandler
                0x08001830                DMA1_Stream6_IRQHandler
                0x08001830                DMA1_Stream1_IRQHandler
                0x08001830                UART4_IRQHandler
                0x08001830                RCC_IRQHandler
                0x08001830                TIM8_BRK_TIM12_IRQHandler
                0x08001830                EXTI15_10_IRQHandler
                0x08001830                ADC_IRQHandler
                0x08001830                DMA1_Stream7_IRQHandler
                0x08001830                TIM7_IRQHandler
                0x08001830                CAN2_TX_IRQHandler
                0x08001830                TIM5_IRQHandler
                0x08001830                DMA2_Stream7_IRQHandler
                0x08001830                I2C3_EV_IRQHandler
                0x08001830                EXTI9_5_IRQHandler
                0x08001830                RTC_WKUP_IRQHandler
                0x08001830                ETH_WKUP_IRQHandler
                0x08001830                SPI2_IRQHandler
                0x08001830                OTG_HS_EP1_IN_IRQHandler
                0x08001830                DMA1_Stream0_IRQHandler
                0x08001830                CAN1_TX_IRQHandler
                0x08001830                EXTI4_IRQHandler
                0x08001830                FSMC_IRQHandler
                0x08001830                ETH_IRQHandler
                0x08001830                OTG_HS_EP1_OUT_IRQHandler
                0x08001830                WWDG_IRQHandler
                0x08001830                TIM2_IRQHandler
                0x08001830                TIM1_TRG_COM_TIM11_IRQHandler
                0x08001830                OTG_HS_IRQHandler
                0x08001830                EXTI1_IRQHandler
                0x08001830                USART2_IRQHandler
                0x08001830                I2C2_ER_IRQHandler
                0x08001830                DMA2_Stream1_IRQHandler
                0x08001830                CAN1_SCE_IRQHandler
                0x08001830                FLASH_IRQHandler
                0x08001830                DMA2_Stream4_IRQHandler
                0x08001830                USART1_IRQHandler
                0x08001830                SPI3_IRQHandler
                0x08001830                DMA1_Stream4_IRQHandler
                0x08001830                I2C1_ER_IRQHandler
                0x08001830                DMA2_Stream6_IRQHandler
                0x08001830                DMA1_Stream3_IRQHandler
 .text.STM32F4_Discovery_LEDInit
                0x08001838       0x6c ..\obj\stm32f4_discovery.o
                0x08001838                STM32F4_Discovery_LEDInit
 .text.STM32F4_Discovery_LEDOn
                0x080018a4       0x34 ..\obj\stm32f4_discovery.o
                0x080018a4                STM32F4_Discovery_LEDOn
 .text.STM32F4_Discovery_LEDOff
                0x080018d8       0x34 ..\obj\stm32f4_discovery.o
                0x080018d8                STM32F4_Discovery_LEDOff
 .text.STM32F4_Discovery_PBInit
                0x0800190c       0xec ..\obj\stm32f4_discovery.o
                0x0800190c                STM32F4_Discovery_PBInit
 .text.STM32F4_Discovery_PBGetState
                0x080019f8       0x3c ..\obj\stm32f4_discovery.o
                0x080019f8                STM32F4_Discovery_PBGetState
 .text.USBD_HID_Init
                0x08001a34       0x54 ..\obj\usbd_hid_core.o
 .text.USBD_HID_DeInit
                0x08001a88       0x30 ..\obj\usbd_hid_core.o
 .text.USBD_HID_Setup
                0x08001ab8      0x168 ..\obj\usbd_hid_core.o
 .text.USBD_HID_SendReport
                0x08001c20       0x34 ..\obj\usbd_hid_core.o
                0x08001c20                USBD_HID_SendReport
 .text.USBD_HID_GetCfgDesc
                0x08001c54       0x28 ..\obj\usbd_hid_core.o
 .text.USBD_HID_DataIn
                0x08001c7c       0x24 ..\obj\usbd_hid_core.o
 .text.USBD_HID_DataOut
                0x08001ca0       0x64 ..\obj\usbd_hid_core.o
 .text.USBD_Init
                0x08001d04       0x58 ..\obj\usbd_core.o
                0x08001d04                USBD_Init
 .text.USBD_DeInit
                0x08001d5c       0x18 ..\obj\usbd_core.o
                0x08001d5c                USBD_DeInit
 .text.USBD_SetupStage
                0x08001d74       0x70 ..\obj\usbd_core.o
 .text.USBD_DataOutStage
                0x08001de4       0xd4 ..\obj\usbd_core.o
 .text.USBD_DataInStage
                0x08001eb8      0x114 ..\obj\usbd_core.o
 .text.USBD_Reset
                0x08001fcc       0x54 ..\obj\usbd_core.o
 .text.USBD_Resume
                0x08002020       0x2c ..\obj\usbd_core.o
 .text.USBD_Suspend
                0x0800204c       0x2c ..\obj\usbd_core.o
 .text.USBD_SOF
                0x08002078       0x30 ..\obj\usbd_core.o
 .text.USBD_SetCfg
                0x080020a8       0x34 ..\obj\usbd_core.o
                0x080020a8                USBD_SetCfg
 .text.USBD_ClrCfg
                0x080020dc       0x2c ..\obj\usbd_core.o
                0x080020dc                USBD_ClrCfg
 .text.USBD_IsoINIncomplete
                0x08002108       0x24 ..\obj\usbd_core.o
 .text.USBD_IsoOUTIncomplete
                0x0800212c       0x24 ..\obj\usbd_core.o
 .text.LIS302DL_Init
                0x08002150       0x50 ..\obj\main.o
                0x08002150                LIS302DL_Init
 .text.LIS302DL_Write
                0x080021a0       0x70 ..\obj\main.o
                0x080021a0                LIS302DL_Write
 .text.LIS302DL_SendByte
                0x08002210       0xe4 ..\obj\main.o
 .text.LIS302DL_InterruptConfig
                0x080022f4       0x50 ..\obj\main.o
                0x080022f4                LIS302DL_InterruptConfig
 .text.LIS302DL_Read
                0x08002344       0x80 ..\obj\main.o
                0x08002344                LIS302DL_Read
 .text.LIS302DL_TIMEOUT_UserCallback
                0x080023c4        0x8 ..\obj\main.o
                0x080023c4                LIS302DL_TIMEOUT_UserCallback
 .text.main     0x080023cc      0x6f4 ..\obj\main.o
                0x080023cc                main
 .text.przerwania
                0x08002ac0       0x98 ..\obj\main.o
                0x08002ac0                przerwania
 .text.TIM3_IRQHandler
                0x08002b58       0x3c ..\obj\main.o
                0x08002b58                TIM3_IRQHandler
 .text.TIM4_IRQHandler
                0x08002b94       0x3c ..\obj\main.o
                0x08002b94                TIM4_IRQHandler
 .text.Delay    0x08002bd0       0x20 ..\obj\main.o
                0x08002bd0                Delay
 .text.RCC_AHB1PeriphClockCmd
                0x08002bf0       0x54 ..\obj\stm32f4xx_rcc.o
                0x08002bf0                RCC_AHB1PeriphClockCmd
 .text.RCC_AHB2PeriphClockCmd
                0x08002c44       0x54 ..\obj\stm32f4xx_rcc.o
                0x08002c44                RCC_AHB2PeriphClockCmd
 .text.RCC_APB1PeriphClockCmd
                0x08002c98       0x54 ..\obj\stm32f4xx_rcc.o
                0x08002c98                RCC_APB1PeriphClockCmd
 .text.RCC_APB2PeriphClockCmd
                0x08002cec       0x54 ..\obj\stm32f4xx_rcc.o
                0x08002cec                RCC_APB2PeriphClockCmd
 .text.RCC_APB1PeriphResetCmd
                0x08002d40       0x54 ..\obj\stm32f4xx_rcc.o
                0x08002d40                RCC_APB1PeriphResetCmd
 .text.RCC_APB2PeriphResetCmd
                0x08002d94       0x54 ..\obj\stm32f4xx_rcc.o
                0x08002d94                RCC_APB2PeriphResetCmd
 .text.NMI_Handler
                0x08002de8        0xc ..\obj\stm32f4xx_it.o
                0x08002de8                NMI_Handler
 .text.HardFault_Handler
                0x08002df4        0x8 ..\obj\stm32f4xx_it.o
                0x08002df4                HardFault_Handler
 .text.MemManage_Handler
                0x08002dfc        0x8 ..\obj\stm32f4xx_it.o
                0x08002dfc                MemManage_Handler
 .text.BusFault_Handler
                0x08002e04        0x8 ..\obj\stm32f4xx_it.o
                0x08002e04                BusFault_Handler
 .text.UsageFault_Handler
                0x08002e0c        0x8 ..\obj\stm32f4xx_it.o
                0x08002e0c                UsageFault_Handler
 .text.SVC_Handler
                0x08002e14        0xc ..\obj\stm32f4xx_it.o
                0x08002e14                SVC_Handler
 .text.DebugMon_Handler
                0x08002e20        0xc ..\obj\stm32f4xx_it.o
                0x08002e20                DebugMon_Handler
 .text.PendSV_Handler
                0x08002e2c        0xc ..\obj\stm32f4xx_it.o
                0x08002e2c                PendSV_Handler
 .text.SysTick_Handler
                0x08002e38        0xc ..\obj\stm32f4xx_it.o
                0x08002e38                SysTick_Handler
 .text.OTG_FS_WKUP_IRQHandler
                0x08002e44       0x44 ..\obj\stm32f4xx_it.o
                0x08002e44                OTG_FS_WKUP_IRQHandler
 .text.OTG_FS_IRQHandler
                0x08002e88       0x14 ..\obj\stm32f4xx_it.o
                0x08002e88                OTG_FS_IRQHandler
 .text.USBD_USR_DeviceDescriptor
                0x08002e9c       0x28 ..\obj\usbd_desc.o
                0x08002e9c                USBD_USR_DeviceDescriptor
 .text.USBD_USR_LangIDStrDescriptor
                0x08002ec4       0x28 ..\obj\usbd_desc.o
                0x08002ec4                USBD_USR_LangIDStrDescriptor
 .text.USBD_USR_ProductStrDescriptor
                0x08002eec       0x54 ..\obj\usbd_desc.o
                0x08002eec                USBD_USR_ProductStrDescriptor
 .text.USBD_USR_ManufacturerStrDescriptor
                0x08002f40       0x34 ..\obj\usbd_desc.o
                0x08002f40                USBD_USR_ManufacturerStrDescriptor
 .text.USBD_USR_SerialStrDescriptor
                0x08002f74       0x54 ..\obj\usbd_desc.o
                0x08002f74                USBD_USR_SerialStrDescriptor
 .text.USBD_USR_ConfigStrDescriptor
                0x08002fc8       0x54 ..\obj\usbd_desc.o
                0x08002fc8                USBD_USR_ConfigStrDescriptor
 .text.USBD_USR_InterfaceStrDescriptor
                0x0800301c       0x54 ..\obj\usbd_desc.o
                0x0800301c                USBD_USR_InterfaceStrDescriptor
 .text.GPIO_Init
                0x08003070      0x144 ..\obj\stm32f4xx_gpio.o
                0x08003070                GPIO_Init
 .text.GPIO_ReadInputDataBit
                0x080031b4       0x3c ..\obj\stm32f4xx_gpio.o
                0x080031b4                GPIO_ReadInputDataBit
 .text.GPIO_SetBits
                0x080031f0       0x1c ..\obj\stm32f4xx_gpio.o
                0x080031f0                GPIO_SetBits
 .text.GPIO_ResetBits
                0x0800320c       0x1c ..\obj\stm32f4xx_gpio.o
                0x0800320c                GPIO_ResetBits
 .text.GPIO_PinAFConfig
                0x08003228       0xa8 ..\obj\stm32f4xx_gpio.o
                0x08003228                GPIO_PinAFConfig
 .text.SystemInit
                0x080032d0       0x94 ..\obj\system_stm32f4xx.o
                0x080032d0                SystemInit
 .text.SystemCoreClockUpdate
                0x08003364      0x170 ..\obj\system_stm32f4xx.o
                0x08003364                SystemCoreClockUpdate
 .text.SetSysClock
                0x080034d4      0x188 ..\obj\system_stm32f4xx.o
 .text.USB_OTG_BSP_Init
                0x0800365c      0x10c ..\obj\usb_bsp.o
                0x0800365c                USB_OTG_BSP_Init
 .text.USB_OTG_BSP_EnableInterrupt
                0x08003768       0x3c ..\obj\usb_bsp.o
                0x08003768                USB_OTG_BSP_EnableInterrupt
 .text.USB_OTG_BSP_uDelay
                0x080037a4       0x58 ..\obj\usb_bsp.o
                0x080037a4                USB_OTG_BSP_uDelay
 .text.USB_OTG_BSP_mDelay
                0x080037fc       0x20 ..\obj\usb_bsp.o
                0x080037fc                USB_OTG_BSP_mDelay
 .text.USBD_StdDevReq
                0x0800381c       0xa4 ..\obj\usbd_req.o
                0x0800381c                USBD_StdDevReq
 .text.USBD_StdItfReq
                0x080038c0       0x6c ..\obj\usbd_req.o
                0x080038c0                USBD_StdItfReq
 .text.USBD_StdEPReq
                0x0800392c      0x1e4 ..\obj\usbd_req.o
                0x0800392c                USBD_StdEPReq
 .text.USBD_GetDescriptor
                0x08003b10      0x1c8 ..\obj\usbd_req.o
 .text.USBD_SetAddress
                0x08003cd8       0x80 ..\obj\usbd_req.o
 .text.USBD_SetConfig
                0x08003d58      0x134 ..\obj\usbd_req.o
 .text.USBD_GetConfig
                0x08003e8c       0x68 ..\obj\usbd_req.o
 .text.USBD_GetStatus
                0x08003ef4       0x68 ..\obj\usbd_req.o
 .text.USBD_SetFeature
                0x08003f5c       0xe0 ..\obj\usbd_req.o
 .text.USBD_ClrFeature
                0x0800403c       0x58 ..\obj\usbd_req.o
 .text.USBD_ParseSetupRequest
                0x08004094       0x94 ..\obj\usbd_req.o
                0x08004094                USBD_ParseSetupRequest
 .text.USBD_CtlError
                0x08004128       0x50 ..\obj\usbd_req.o
                0x08004128                USBD_CtlError
 .text.USBD_GetString
                0x08004178       0x9c ..\obj\usbd_req.o
                0x08004178                USBD_GetString
 .text.USBD_GetLen
                0x08004214       0x38 ..\obj\usbd_req.o
 .text.USBD_OTG_ISR_Handler
                0x0800424c      0x164 ..\obj\usb_dcd_int.o
                0x0800424c                USBD_OTG_ISR_Handler
 .text.DCD_HandleResume_ISR
                0x080043b0       0x8c ..\obj\usb_dcd_int.o
 .text.DCD_HandleUSBSuspend_ISR
                0x0800443c       0xb0 ..\obj\usb_dcd_int.o
 .text.DCD_HandleInEP_ISR
                0x080044ec      0x22c ..\obj\usb_dcd_int.o
 .text.DCD_HandleOutEP_ISR
                0x08004718      0x1b0 ..\obj\usb_dcd_int.o
 .text.DCD_HandleSof_ISR
                0x080048c8       0x3c ..\obj\usb_dcd_int.o
 .text.DCD_HandleRxStatusQueueLevel_ISR
                0x08004904      0x114 ..\obj\usb_dcd_int.o
 .text.DCD_WriteEmptyTxFifo
                0x08004a18      0x100 ..\obj\usb_dcd_int.o
 .text.DCD_HandleUsbReset_ISR
                0x08004b18      0x170 ..\obj\usb_dcd_int.o
 .text.DCD_HandleEnumDone_ISR
                0x08004c88       0x88 ..\obj\usb_dcd_int.o
 .text.DCD_IsoINIncomplete_ISR
                0x08004d10       0x3c ..\obj\usb_dcd_int.o
 .text.DCD_IsoOUTIncomplete_ISR
                0x08004d4c       0x3c ..\obj\usb_dcd_int.o
 .text.DCD_ReadDevInEP
                0x08004d88       0x58 ..\obj\usb_dcd_int.o
 .text.SPI_I2S_DeInit
                0x08004de0       0x88 ..\obj\stm32f4xx_spi.o
                0x08004de0                SPI_I2S_DeInit
 .text.SPI_Init
                0x08004e68       0x88 ..\obj\stm32f4xx_spi.o
                0x08004e68                SPI_Init
 .text.SPI_Cmd  0x08004ef0       0x40 ..\obj\stm32f4xx_spi.o
                0x08004ef0                SPI_Cmd
 .text.SPI_I2S_ReceiveData
                0x08004f30       0x1c ..\obj\stm32f4xx_spi.o
                0x08004f30                SPI_I2S_ReceiveData
 .text.SPI_I2S_SendData
                0x08004f4c       0x1c ..\obj\stm32f4xx_spi.o
                0x08004f4c                SPI_I2S_SendData
 .text.SPI_I2S_GetFlagStatus
                0x08004f68       0x40 ..\obj\stm32f4xx_spi.o
                0x08004f68                SPI_I2S_GetFlagStatus
 .text.EXTI_Init
                0x08004fa8      0x138 ..\obj\stm32f4xx_exti.o
                0x08004fa8                EXTI_Init
 .text.EXTI_ClearITPendingBit
                0x080050e0       0x20 ..\obj\stm32f4xx_exti.o
                0x080050e0                EXTI_ClearITPendingBit
 .text.NVIC_PriorityGroupConfig
                0x08005100       0x28 ..\obj\misc.o
                0x08005100                NVIC_PriorityGroupConfig
 .text.NVIC_Init
                0x08005128       0xe4 ..\obj\misc.o
                0x08005128                NVIC_Init
 .text.DCD_Init
                0x0800520c      0x12c ..\obj\usb_dcd.o
                0x0800520c                DCD_Init
 .text.DCD_EP_Open
                0x08005338       0xac ..\obj\usb_dcd.o
                0x08005338                DCD_EP_Open
 .text.DCD_EP_Close
                0x080053e4       0x80 ..\obj\usb_dcd.o
                0x080053e4                DCD_EP_Close
 .text.DCD_EP_PrepareRx
                0x08005464       0x8c ..\obj\usb_dcd.o
                0x08005464                DCD_EP_PrepareRx
 .text.DCD_EP_Tx
                0x080054f0       0x84 ..\obj\usb_dcd.o
                0x080054f0                DCD_EP_Tx
 .text.DCD_EP_Stall
                0x08005574       0x84 ..\obj\usb_dcd.o
                0x08005574                DCD_EP_Stall
 .text.DCD_EP_ClrStall
                0x080055f8       0x84 ..\obj\usb_dcd.o
                0x080055f8                DCD_EP_ClrStall
 .text.DCD_EP_Flush
                0x0800567c       0x38 ..\obj\usb_dcd.o
                0x0800567c                DCD_EP_Flush
 .text.DCD_EP_SetAddress
                0x080056b4       0x3c ..\obj\usb_dcd.o
                0x080056b4                DCD_EP_SetAddress
 .text.USBD_CtlSendData
                0x080056f0       0x48 ..\obj\usbd_ioreq.o
                0x080056f0                USBD_CtlSendData
 .text.USBD_CtlContinueSendData
                0x08005738       0x30 ..\obj\usbd_ioreq.o
                0x08005738                USBD_CtlContinueSendData
 .text.USBD_CtlContinueRx
                0x08005768       0x30 ..\obj\usbd_ioreq.o
                0x08005768                USBD_CtlContinueRx
 .text.USBD_CtlSendStatus
                0x08005798       0x3c ..\obj\usbd_ioreq.o
                0x08005798                USBD_CtlSendStatus
 .text.USBD_CtlReceiveStatus
                0x080057d4       0x3c ..\obj\usbd_ioreq.o
                0x080057d4                USBD_CtlReceiveStatus
 .text.TIM_TimeBaseInit
                0x08005810       0xf4 ..\obj\stm32f4xx_tim.o
                0x08005810                TIM_TimeBaseInit
 .text.TIM_SetCounter
                0x08005904       0x1c ..\obj\stm32f4xx_tim.o
                0x08005904                TIM_SetCounter
 .text.TIM_Cmd  0x08005920       0x40 ..\obj\stm32f4xx_tim.o
                0x08005920                TIM_Cmd
 .text.TIM_ITConfig
                0x08005960       0x48 ..\obj\stm32f4xx_tim.o
                0x08005960                TIM_ITConfig
 .text.TIM_GetITStatus
                0x080059a8       0x60 ..\obj\stm32f4xx_tim.o
                0x080059a8                TIM_GetITStatus
 .text.TIM_ClearITPendingBit
                0x08005a08       0x24 ..\obj\stm32f4xx_tim.o
                0x08005a08                TIM_ClearITPendingBit
 *(.glue_7t)
 .glue_7t       0x00000000        0x0 linker stubs
 *(.glue_7)
 .glue_7        0x00000000        0x0 linker stubs
 *(.rodata .rodata* .gnu.linkonce.r.*)
 .rodata        0x08005a2c       0x30 ..\obj\stm32f4_discovery.o
                0x08005a2c                GPIO_PIN
                0x08005a34                GPIO_CLK
                0x08005a44                BUTTON_PIN
                0x08005a48                BUTTON_CLK
                0x08005a4c                BUTTON_EXTI_LINE
                0x08005a50                BUTTON_PORT_SOURCE
                0x08005a54                BUTTON_PIN_SOURCE
                0x08005a58                BUTTON_IRQn
 .rodata        0x08005a5c       0x78 ..\obj\usbd_desc.o

.vfp11_veneer   0x08005ad4        0x0
 .vfp11_veneer  0x00000000        0x0 linker stubs

.v4_bx          0x08005ad4        0x0
 .v4_bx         0x00000000        0x0 linker stubs

.iplt           0x08005ad4        0x0
 .iplt          0x00000000        0x0 ..\obj\stm32f4xx_syscfg.o

.rel.dyn        0x08005ad4        0x0
 .rel.iplt      0x00000000        0x0 ..\obj\stm32f4xx_syscfg.o

.ARM.extab
 *(.ARM.extab* .gnu.linkonce.armextab.*)
                0x08005ad4                __exidx_start = .

.ARM.exidx
 *(.ARM.exidx* .gnu.linkonce.armexidx.*)
                0x08005ad4                __exidx_end = .
                0x08005ad4                . = ALIGN (0x4)
                0x08005ad4                _etext = .
                0x08005ad4                _sidata = .

.data           0x20000000      0x128 load address 0x08005ad4
                0x20000000                _sdata = .
 *(.data .data.*)
 .data          0x20000000       0x1c ..\obj\usbd_usr.o
                0x20000000                USR_cb
 .data          0x2000001c       0x14 ..\obj\stm32f4_discovery.o
                0x2000001c                GPIO_PORT
                0x2000002c                BUTTON_PORT
 .data          0x20000030       0x70 ..\obj\usbd_hid_core.o
                0x20000030                USBD_HID_cb
 .data          0x200000a0       0x30 ..\obj\usbd_core.o
                0x200000a0                USBD_DCD_INT_cb
                0x200000cc                USBD_DCD_INT_fops
 .data          0x200000d0        0x4 ..\obj\main.o
                0x200000d0                LIS302DLTimeout
 .data          0x200000d4       0x40 ..\obj\usbd_desc.o
                0x200000d4                USR_desc
                0x200000f0                USBD_DeviceDesc
                0x20000104                USBD_DeviceQualifierDesc
                0x20000110                USBD_LangIDDesc
 .data          0x20000114       0x14 ..\obj\system_stm32f4xx.o
                0x20000114                SystemCoreClock
                0x20000118                AHBPrescTable
                0x20000128                . = ALIGN (0x4)
                0x20000128                _edata = .

.igot.plt       0x20000128        0x0 load address 0x08005bfc
 .igot.plt      0x00000000        0x0 ..\obj\stm32f4xx_syscfg.o

.bss            0x20000128      0x714 load address 0x08005bfc
                0x20000128                _sbss = .
 *(.bss .bss.*)
 .bss           0x20000128       0x4c ..\obj\usbd_hid_core.o
 .bss           0x20000174       0x10 ..\obj\usbd_req.o
                0x20000174                USBD_ep_status
                0x20000178                USBD_default_cfg
                0x2000017c                USBD_cfg_status
 *(COMMON)
 COMMON         0x20000184      0x675 ..\obj\main.o
                0x20000184                InBuffer
                0x200001c4                OutBuffer
                0x20000203                przyspieszenie_y
                0x20000204                przyspieszenie_z
                0x20000208                USB_OTG_dev
                0x200007f8                przyspieszenie_x
 *fill*         0x200007f9        0x3 00
 COMMON         0x200007fc       0x3f ..\obj\usbd_req.o
                0x200007fc                USBD_StrDesc
                0x2000083c                . = ALIGN (0x4)
 *fill*         0x2000083b        0x1 00
                0x2000083c                _ebss = .

.co_stack       0x2000083c      0x804 load address 0x08006310
                0x20000840                . = ALIGN (0x8)
 *fill*         0x2000083c        0x4 00
 *(.co_stack .co_stack.*)
 .co_stack      0x20000840      0x800 ..\obj\startup_stm32f4xx.o
                0x20000840                pulStack
                0x20001040                . = ALIGN (0x4)
                0x20001040                _end = .
LOAD ..\obj\stm32f4xx_syscfg.o
LOAD ..\obj\usb_core.o
LOAD ..\obj\stm32f4xx_sdio.o
LOAD ..\obj\stm32f4xx_cryp_aes.o
LOAD ..\obj\stm32f4xx_hash.o
LOAD ..\obj\usbd_usr.o
LOAD ..\obj\stm32f4xx_hash_sha1.o
LOAD ..\obj\stm32f4xx_usart.o
LOAD ..\obj\stm32f4xx_pwr.o
LOAD ..\obj\stm32f4xx_can.o
LOAD ..\obj\stm32f4xx_wwdg.o
LOAD ..\obj\stm32f4xx_hash_md5.o
LOAD ..\obj\stm32f4xx_dac.o
LOAD ..\obj\startup_stm32f4xx.o
LOAD ..\obj\stm32f4_discovery.o
LOAD ..\obj\stm32f4xx_crc.o
LOAD ..\obj\usbd_hid_core.o
LOAD ..\obj\stm32f4xx_iwdg.o
LOAD ..\obj\usbd_core.o
LOAD ..\obj\main.o
LOAD ..\obj\stm32f4xx_rcc.o
LOAD ..\obj\stm32f4xx_it.o
LOAD ..\obj\stm32f4xx_adc.o
LOAD ..\obj\stm32f4xx_dcmi.o
LOAD ..\obj\usbd_desc.o
LOAD ..\obj\stm32f4xx_cryp_des.o
LOAD ..\obj\stm32f4xx_cryp.o
LOAD ..\obj\stm32f4xx_fsmc.o
LOAD ..\obj\stm32f4xx_gpio.o
LOAD ..\obj\stm32f4xx_flash.o
LOAD ..\obj\system_stm32f4xx.o
LOAD ..\obj\stm32f4xx_dma.o
LOAD ..\obj\usb_bsp.o
LOAD ..\obj\usbd_req.o
LOAD ..\obj\usb_dcd_int.o
LOAD ..\obj\stm32f4xx_spi.o
LOAD ..\obj\stm32f4xx_i2c.o
LOAD ..\obj\stm32f4xx_rng.o
LOAD ..\obj\stm32f4xx_exti.o
LOAD ..\obj\misc.o
LOAD ..\obj\usb_dcd.o
LOAD ..\obj\stm32f4xx_rtc.o
LOAD ..\obj\usbd_ioreq.o
LOAD ..\obj\stm32f4xx_cryp_tdes.o
LOAD ..\obj\stm32f4xx_tim.o
LOAD ..\obj\stm32f4xx_dbgmcu.o
START GROUP
LOAD c:/program files (x86)/gnu tools arm embedded/4.7 2013q3/bin/../lib/gcc/arm-none-eabi/4.7.4/armv7e-m\libgcc.a
LOAD c:/program files (x86)/gnu tools arm embedded/4.7 2013q3/bin/../lib/gcc/arm-none-eabi/4.7.4/../../../../arm-none-eabi/lib/armv7e-m\libg.a
LOAD c:/program files (x86)/gnu tools arm embedded/4.7 2013q3/bin/../lib/gcc/arm-none-eabi/4.7.4/../../../../arm-none-eabi/lib/armv7e-m\libc.a
END GROUP
OUTPUT(usb_hid_3_Target_Flash.elf elf32-littlearm)

.debug_info     0x00000000    0x12d18
 .debug_info    0x00000000      0x279 ..\obj\stm32f4xx_syscfg.o
 .debug_info    0x00000279     0x2819 ..\obj\usb_core.o
 .debug_info    0x00002a92      0x1c3 ..\obj\usbd_usr.o
 .debug_info    0x00002c55      0x11a ..\obj\startup_stm32f4xx.o
 .debug_info    0x00002d6f      0x8ba ..\obj\stm32f4_discovery.o
 .debug_info    0x00003629      0xe7f ..\obj\usbd_hid_core.o
 .debug_info    0x000044a8      0xff1 ..\obj\usbd_core.o
 .debug_info    0x00005499     0x19f1 ..\obj\main.o
 .debug_info    0x00006e8a      0xd49 ..\obj\stm32f4xx_rcc.o
 .debug_info    0x00007bd3      0xcaa ..\obj\stm32f4xx_it.o
 .debug_info    0x0000887d      0x380 ..\obj\usbd_desc.o
 .debug_info    0x00008bfd      0x640 ..\obj\stm32f4xx_gpio.o
 .debug_info    0x0000923d      0x5f5 ..\obj\system_stm32f4xx.o
 .debug_info    0x00009832     0x1116 ..\obj\usb_bsp.o
 .debug_info    0x0000a948     0x10fb ..\obj\usbd_req.o
 .debug_info    0x0000ba43     0x2007 ..\obj\usb_dcd_int.o
 .debug_info    0x0000da4a      0xbde ..\obj\stm32f4xx_spi.o
 .debug_info    0x0000e628      0x373 ..\obj\stm32f4xx_exti.o
 .debug_info    0x0000e99b      0x592 ..\obj\misc.o
 .debug_info    0x0000ef2d     0x118a ..\obj\usb_dcd.o
 .debug_info    0x000100b7      0xde4 ..\obj\usbd_ioreq.o
 .debug_info    0x00010e9b     0x1e7d ..\obj\stm32f4xx_tim.o

.debug_abbrev   0x00000000     0x24d1
 .debug_abbrev  0x00000000      0x133 ..\obj\stm32f4xx_syscfg.o
 .debug_abbrev  0x00000133      0x2bc ..\obj\usb_core.o
 .debug_abbrev  0x000003ef       0xdf ..\obj\usbd_usr.o
 .debug_abbrev  0x000004ce       0xd3 ..\obj\startup_stm32f4xx.o
 .debug_abbrev  0x000005a1      0x185 ..\obj\stm32f4_discovery.o
 .debug_abbrev  0x00000726      0x1e1 ..\obj\usbd_hid_core.o
 .debug_abbrev  0x00000907      0x1f2 ..\obj\usbd_core.o
 .debug_abbrev  0x00000af9      0x2ac ..\obj\main.o
 .debug_abbrev  0x00000da5      0x1e5 ..\obj\stm32f4xx_rcc.o
 .debug_abbrev  0x00000f8a      0x14a ..\obj\stm32f4xx_it.o
 .debug_abbrev  0x000010d4      0x12e ..\obj\usbd_desc.o
 .debug_abbrev  0x00001202      0x1a5 ..\obj\stm32f4xx_gpio.o
 .debug_abbrev  0x000013a7      0x138 ..\obj\system_stm32f4xx.o
 .debug_abbrev  0x000014df      0x1e6 ..\obj\usb_bsp.o
 .debug_abbrev  0x000016c5      0x268 ..\obj\usbd_req.o
 .debug_abbrev  0x0000192d      0x230 ..\obj\usb_dcd_int.o
 .debug_abbrev  0x00001b5d      0x169 ..\obj\stm32f4xx_spi.o
 .debug_abbrev  0x00001cc6      0x1a7 ..\obj\stm32f4xx_exti.o
 .debug_abbrev  0x00001e6d      0x129 ..\obj\misc.o
 .debug_abbrev  0x00001f96      0x22e ..\obj\usb_dcd.o
 .debug_abbrev  0x000021c4      0x184 ..\obj\usbd_ioreq.o
 .debug_abbrev  0x00002348      0x189 ..\obj\stm32f4xx_tim.o

.debug_loc      0x00000000     0x4ab2
 .debug_loc     0x00000000      0x144 ..\obj\stm32f4xx_syscfg.o
 .debug_loc     0x00000144      0x7e0 ..\obj\usb_core.o
 .debug_loc     0x00000924       0xe8 ..\obj\usbd_usr.o
 .debug_loc     0x00000a0c       0x64 ..\obj\startup_stm32f4xx.o
 .debug_loc     0x00000a70      0x150 ..\obj\stm32f4_discovery.o
 .debug_loc     0x00000bc0      0x188 ..\obj\usbd_hid_core.o
 .debug_loc     0x00000d48      0x2d8 ..\obj\usbd_core.o
 .debug_loc     0x00001020      0x272 ..\obj\main.o
 .debug_loc     0x00001292      0x97c ..\obj\stm32f4xx_rcc.o
 .debug_loc     0x00001c0e      0x1e4 ..\obj\stm32f4xx_it.o
 .debug_loc     0x00001df2      0x188 ..\obj\usbd_desc.o
 .debug_loc     0x00001f7a      0x310 ..\obj\stm32f4xx_gpio.o
 .debug_loc     0x0000228a       0x9c ..\obj\system_stm32f4xx.o
 .debug_loc     0x00002326       0xe0 ..\obj\usb_bsp.o
 .debug_loc     0x00002406      0x310 ..\obj\usbd_req.o
 .debug_loc     0x00002716      0x2d8 ..\obj\usb_dcd_int.o
 .debug_loc     0x000029ee      0x578 ..\obj\stm32f4xx_spi.o
 .debug_loc     0x00002f66      0x1b4 ..\obj\stm32f4xx_exti.o
 .debug_loc     0x0000311a      0x118 ..\obj\misc.o
 .debug_loc     0x00003232      0x2d8 ..\obj\usb_dcd.o
 .debug_loc     0x0000350a      0x188 ..\obj\usbd_ioreq.o
 .debug_loc     0x00003692     0x1420 ..\obj\stm32f4xx_tim.o

.debug_aranges  0x00000000      0xce8
 .debug_aranges
                0x00000000       0x48 ..\obj\stm32f4xx_syscfg.o
 .debug_aranges
                0x00000048      0x138 ..\obj\usb_core.o
 .debug_aranges
                0x00000180       0x40 ..\obj\usbd_usr.o
 .debug_aranges
                0x000001c0       0x28 ..\obj\startup_stm32f4xx.o
 .debug_aranges
                0x000001e8       0x48 ..\obj\stm32f4_discovery.o
 .debug_aranges
                0x00000230       0x50 ..\obj\usbd_hid_core.o
 .debug_aranges
                0x00000280       0x80 ..\obj\usbd_core.o
 .debug_aranges
                0x00000300       0x78 ..\obj\main.o
 .debug_aranges
                0x00000378      0x178 ..\obj\stm32f4xx_rcc.o
 .debug_aranges
                0x000004f0       0x70 ..\obj\stm32f4xx_it.o
 .debug_aranges
                0x00000560       0x50 ..\obj\usbd_desc.o
 .debug_aranges
                0x000005b0       0x88 ..\obj\stm32f4xx_gpio.o
 .debug_aranges
                0x00000638       0x30 ..\obj\system_stm32f4xx.o
 .debug_aranges
                0x00000668       0x38 ..\obj\usb_bsp.o
 .debug_aranges
                0x000006a0       0x88 ..\obj\usbd_req.o
 .debug_aranges
                0x00000728       0x80 ..\obj\usb_dcd_int.o
 .debug_aranges
                0x000007a8       0xe0 ..\obj\stm32f4xx_spi.o
 .debug_aranges
                0x00000888       0x58 ..\obj\stm32f4xx_exti.o
 .debug_aranges
                0x000008e0       0x40 ..\obj\misc.o
 .debug_aranges
                0x00000920       0x80 ..\obj\usb_dcd.o
 .debug_aranges
                0x000009a0       0x50 ..\obj\usbd_ioreq.o
 .debug_aranges
                0x000009f0      0x2f8 ..\obj\stm32f4xx_tim.o

.debug_ranges   0x00000000      0xb88
 .debug_ranges  0x00000000       0x38 ..\obj\stm32f4xx_syscfg.o
 .debug_ranges  0x00000038      0x128 ..\obj\usb_core.o
 .debug_ranges  0x00000160       0x30 ..\obj\usbd_usr.o
 .debug_ranges  0x00000190       0x18 ..\obj\startup_stm32f4xx.o
 .debug_ranges  0x000001a8       0x38 ..\obj\stm32f4_discovery.o
 .debug_ranges  0x000001e0       0x40 ..\obj\usbd_hid_core.o
 .debug_ranges  0x00000220       0x70 ..\obj\usbd_core.o
 .debug_ranges  0x00000290       0x68 ..\obj\main.o
 .debug_ranges  0x000002f8      0x168 ..\obj\stm32f4xx_rcc.o
 .debug_ranges  0x00000460       0x60 ..\obj\stm32f4xx_it.o
 .debug_ranges  0x000004c0       0x40 ..\obj\usbd_desc.o
 .debug_ranges  0x00000500       0x78 ..\obj\stm32f4xx_gpio.o
 .debug_ranges  0x00000578       0x20 ..\obj\system_stm32f4xx.o
 .debug_ranges  0x00000598       0x28 ..\obj\usb_bsp.o
 .debug_ranges  0x000005c0       0x78 ..\obj\usbd_req.o
 .debug_ranges  0x00000638       0x70 ..\obj\usb_dcd_int.o
 .debug_ranges  0x000006a8       0xd0 ..\obj\stm32f4xx_spi.o
 .debug_ranges  0x00000778       0x48 ..\obj\stm32f4xx_exti.o
 .debug_ranges  0x000007c0       0x30 ..\obj\misc.o
 .debug_ranges  0x000007f0       0x70 ..\obj\usb_dcd.o
 .debug_ranges  0x00000860       0x40 ..\obj\usbd_ioreq.o
 .debug_ranges  0x000008a0      0x2e8 ..\obj\stm32f4xx_tim.o

.debug_line     0x00000000     0x57f2
 .debug_line    0x00000000      0x278 ..\obj\stm32f4xx_syscfg.o
 .debug_line    0x00000278      0x74a ..\obj\usb_core.o
 .debug_line    0x000009c2      0x228 ..\obj\usbd_usr.o
 .debug_line    0x00000bea       0xad ..\obj\startup_stm32f4xx.o
 .debug_line    0x00000c97      0x315 ..\obj\stm32f4_discovery.o
 .debug_line    0x00000fac      0x344 ..\obj\usbd_hid_core.o
 .debug_line    0x000012f0      0x413 ..\obj\usbd_core.o
 .debug_line    0x00001703      0x62d ..\obj\main.o
 .debug_line    0x00001d30      0x62b ..\obj\stm32f4xx_rcc.o
 .debug_line    0x0000235b      0x2b6 ..\obj\stm32f4xx_it.o
 .debug_line    0x00002611      0x270 ..\obj\usbd_desc.o
 .debug_line    0x00002881      0x3cf ..\obj\stm32f4xx_gpio.o
 .debug_line    0x00002c50      0x25d ..\obj\system_stm32f4xx.o
 .debug_line    0x00002ead      0x363 ..\obj\usb_bsp.o
 .debug_line    0x00003210      0x4d2 ..\obj\usbd_req.o
 .debug_line    0x000036e2      0x444 ..\obj\usb_dcd_int.o
 .debug_line    0x00003b26      0x4e3 ..\obj\stm32f4xx_spi.o
 .debug_line    0x00004009      0x335 ..\obj\stm32f4xx_exti.o
 .debug_line    0x0000433e      0x2d5 ..\obj\misc.o
 .debug_line    0x00004613      0x3bb ..\obj\usb_dcd.o
 .debug_line    0x000049ce      0x31b ..\obj\usbd_ioreq.o
 .debug_line    0x00004ce9      0xb09 ..\obj\stm32f4xx_tim.o

.debug_str      0x00000000     0x4d64
 .debug_str     0x00000000      0x286 ..\obj\stm32f4xx_syscfg.o
                                0x2d3 (size before relaxing)
 .debug_str     0x00000286     0x1281 ..\obj\usb_core.o
                               0x165e (size before relaxing)
 .debug_str     0x00001507       0xc4 ..\obj\usbd_usr.o
                                0x243 (size before relaxing)
 .debug_str     0x000015cb       0xc5 ..\obj\startup_stm32f4xx.o
                                0x129 (size before relaxing)
 .debug_str     0x00001690      0x9f2 ..\obj\stm32f4_discovery.o
                                0xb1b (size before relaxing)
 .debug_str     0x00002082      0x1ad ..\obj\usbd_hid_core.o
                                0xa22 (size before relaxing)
 .debug_str     0x0000222f      0x1a3 ..\obj\usbd_core.o
                                0xaac (size before relaxing)
 .debug_str     0x000023d2      0x5d1 ..\obj\main.o
                               0x160f (size before relaxing)
 .debug_str     0x000029a3      0x66d ..\obj\stm32f4xx_rcc.o
                                0x824 (size before relaxing)
 .debug_str     0x00003010      0x10d ..\obj\stm32f4xx_it.o
                                0x975 (size before relaxing)
 .debug_str     0x0000311d      0x169 ..\obj\usbd_desc.o
                                0x346 (size before relaxing)
 .debug_str     0x00003286      0x1b7 ..\obj\stm32f4xx_gpio.o
                                0x477 (size before relaxing)
 .debug_str     0x0000343d      0x11f ..\obj\system_stm32f4xx.o
                                0x35f (size before relaxing)
 .debug_str     0x0000355c       0xb2 ..\obj\usb_bsp.o
                               0x1084 (size before relaxing)
 .debug_str     0x0000360e      0x1a7 ..\obj\usbd_req.o
                                0xad7 (size before relaxing)
 .debug_str     0x000037b5      0x2b9 ..\obj\usb_dcd_int.o
                               0x125c (size before relaxing)
 .debug_str     0x00003a6e      0x33b ..\obj\stm32f4xx_spi.o
                                0x65e (size before relaxing)
 .debug_str     0x00003da9      0x131 ..\obj\stm32f4xx_exti.o
                                0x342 (size before relaxing)
 .debug_str     0x00003eda      0x192 ..\obj\misc.o
                                0x3ad (size before relaxing)
 .debug_str     0x0000406c      0x13f ..\obj\usb_dcd.o
                                0xafe (size before relaxing)
 .debug_str     0x000041ab      0x102 ..\obj\usbd_ioreq.o
                                0x996 (size before relaxing)
 .debug_str     0x000042ad      0xab7 ..\obj\stm32f4xx_tim.o
                                0xda4 (size before relaxing)

.comment        0x00000000       0x70
 .comment       0x00000000       0x70 ..\obj\stm32f4xx_syscfg.o
                                 0x71 (size before relaxing)
 .comment       0x00000000       0x71 ..\obj\usb_core.o
 .comment       0x00000000       0x71 ..\obj\usbd_usr.o
 .comment       0x00000000       0x71 ..\obj\startup_stm32f4xx.o
 .comment       0x00000000       0x71 ..\obj\stm32f4_discovery.o
 .comment       0x00000000       0x71 ..\obj\usbd_hid_core.o
 .comment       0x00000000       0x71 ..\obj\usbd_core.o
 .comment       0x00000000       0x71 ..\obj\main.o
 .comment       0x00000000       0x71 ..\obj\stm32f4xx_rcc.o
 .comment       0x00000000       0x71 ..\obj\stm32f4xx_it.o
 .comment       0x00000000       0x71 ..\obj\usbd_desc.o
 .comment       0x00000000       0x71 ..\obj\stm32f4xx_gpio.o
 .comment       0x00000000       0x71 ..\obj\system_stm32f4xx.o
 .comment       0x00000000       0x71 ..\obj\usb_bsp.o
 .comment       0x00000000       0x71 ..\obj\usbd_req.o
 .comment       0x00000000       0x71 ..\obj\usb_dcd_int.o
 .comment       0x00000000       0x71 ..\obj\stm32f4xx_spi.o
 .comment       0x00000000       0x71 ..\obj\stm32f4xx_exti.o
 .comment       0x00000000       0x71 ..\obj\misc.o
 .comment       0x00000000       0x71 ..\obj\usb_dcd.o
 .comment       0x00000000       0x71 ..\obj\usbd_ioreq.o
 .comment       0x00000000       0x71 ..\obj\stm32f4xx_tim.o

.ARM.attributes
                0x00000000       0x33
 .ARM.attributes
                0x00000000       0x33 ..\obj\stm32f4xx_syscfg.o
 .ARM.attributes
                0x00000033       0x33 ..\obj\usb_core.o
 .ARM.attributes
                0x00000066       0x33 ..\obj\usbd_usr.o
 .ARM.attributes
                0x00000099       0x33 ..\obj\startup_stm32f4xx.o
 .ARM.attributes
                0x000000cc       0x33 ..\obj\stm32f4_discovery.o
 .ARM.attributes
                0x000000ff       0x33 ..\obj\usbd_hid_core.o
 .ARM.attributes
                0x00000132       0x33 ..\obj\usbd_core.o
 .ARM.attributes
                0x00000165       0x33 ..\obj\main.o
 .ARM.attributes
                0x00000198       0x33 ..\obj\stm32f4xx_rcc.o
 .ARM.attributes
                0x000001cb       0x33 ..\obj\stm32f4xx_it.o
 .ARM.attributes
                0x000001fe       0x33 ..\obj\usbd_desc.o
 .ARM.attributes
                0x00000231       0x33 ..\obj\stm32f4xx_gpio.o
 .ARM.attributes
                0x00000264       0x33 ..\obj\system_stm32f4xx.o
 .ARM.attributes
                0x00000297       0x33 ..\obj\usb_bsp.o
 .ARM.attributes
                0x000002ca       0x33 ..\obj\usbd_req.o
 .ARM.attributes
                0x000002fd       0x33 ..\obj\usb_dcd_int.o
 .ARM.attributes
                0x00000330       0x33 ..\obj\stm32f4xx_spi.o
 .ARM.attributes
                0x00000363       0x33 ..\obj\stm32f4xx_exti.o
 .ARM.attributes
                0x00000396       0x33 ..\obj\misc.o
 .ARM.attributes
                0x000003c9       0x33 ..\obj\usb_dcd.o
 .ARM.attributes
                0x000003fc       0x33 ..\obj\usbd_ioreq.o
 .ARM.attributes
                0x0000042f       0x33 ..\obj\stm32f4xx_tim.o

.debug_frame    0x00000000     0x28a0
 .debug_frame   0x00000000       0xbc ..\obj\stm32f4xx_syscfg.o
 .debug_frame   0x000000bc      0x434 ..\obj\usb_core.o
 .debug_frame   0x000004f0       0x8c ..\obj\usbd_usr.o
 .debug_frame   0x0000057c       0x48 ..\obj\startup_stm32f4xx.o
 .debug_frame   0x000005c4       0xc4 ..\obj\stm32f4_discovery.o
 .debug_frame   0x00000688       0xec ..\obj\usbd_hid_core.o
 .debug_frame   0x00000774      0x1ac ..\obj\usbd_core.o
 .debug_frame   0x00000920      0x174 ..\obj\main.o
 .debug_frame   0x00000a94      0x4d8 ..\obj\stm32f4xx_rcc.o
 .debug_frame   0x00000f6c      0x120 ..\obj\stm32f4xx_it.o
 .debug_frame   0x0000108c       0xe8 ..\obj\usbd_desc.o
 .debug_frame   0x00001174      0x19c ..\obj\stm32f4xx_gpio.o
 .debug_frame   0x00001310       0x64 ..\obj\system_stm32f4xx.o
 .debug_frame   0x00001374       0x8c ..\obj\usb_bsp.o
 .debug_frame   0x00001400      0x1c8 ..\obj\usbd_req.o
 .debug_frame   0x000015c8      0x1ac ..\obj\usb_dcd_int.o
 .debug_frame   0x00001774      0x2d0 ..\obj\stm32f4xx_spi.o
 .debug_frame   0x00001a44       0xec ..\obj\stm32f4xx_exti.o
 .debug_frame   0x00001b30       0x9c ..\obj\misc.o
 .debug_frame   0x00001bcc      0x1ac ..\obj\usb_dcd.o
 .debug_frame   0x00001d78       0xec ..\obj\usbd_ioreq.o
 .debug_frame   0x00001e64      0xa3c ..\obj\stm32f4xx_tim.o
